PS C:\Users\akihi\Downloads\kadai_github> cd "C:\git_challenge"
PS C:\git_challenge> git init
Reinitialized existing Git repository in C:/git_challenge/.git/
PS C:\git_challenge> echo "Hello, world!">"C:\git_challenge\hello_world.txt"
PS C:\git_challenge> git add "C:\git_challenge\hello_world.txt"
PS C:\git_challenge> git commit -m "hello_world.txtを追記"
[main c3ab08a] hello_world.txt
 1 file changed, 0 insertions(+), 0 deletions(-)
PS C:\git_challenge> echo "こんにちは、世界！">"C:\git_challenge\hello_world.txt"
PS C:\git_challenge> git add "C:\git_challenge\hello_world.txt"
PS C:\git_challenge> git commit -m "日本語訳を追記"
[main bcc47bc] 日本語訳を追記
 1 file changed, 0 insertions(+), 0 deletions(-)
PS C:\git_challenge> git log --oneline
bcc47bc (HEAD -> main) 日本語訳を追記
c3ab08a hello_world.txtを追加
PS C:\git_challen
